[ +444 ms] Artifact Instance of 'MaterialFonts' is not required, skipping update.
[        ] Artifact Instance of 'GradleWrapper' is not required, skipping update.
[        ] Artifact Instance of 'AndroidGenSnapshotArtifacts' is not required, skipping update.
[        ] Artifact Instance of 'AndroidInternalBuildArtifacts' is not required, skipping update.
[        ] Artifact Instance of 'IOSEngineArtifacts' is not required, skipping update.
[        ] Artifact Instance of 'FlutterWebSdk' is not required, skipping update.
[   +1 ms] Artifact Instance of 'LegacyCanvasKitRemover' is not required, skipping update.
[        ] Artifact Instance of 'FlutterSdk' is not required, skipping update.
[        ] Artifact Instance of 'WindowsEngineArtifacts' is not required, skipping update.
[        ] Artifact Instance of 'MacOSEngineArtifacts' is not required, skipping update.
[        ] Artifact Instance of 'LinuxEngineArtifacts' is not required, skipping update.
[        ] Artifact Instance of 'LinuxFuchsiaSDKArtifacts' is not required, skipping update.
[        ] Artifact Instance of 'MacOSFuchsiaSDKArtifacts' is not required, skipping update.
[        ] Artifact Instance of 'FlutterRunnerSDKArtifacts' is not required, skipping update.
[        ] Artifact Instance of 'FlutterRunnerDebugSymbols' is not required, skipping update.
[        ] Artifact Instance of 'IosUsbArtifacts' is not required, skipping update.
[        ] Artifact Instance of 'IosUsbArtifacts' is not required, skipping update.
[        ] Artifact Instance of 'IosUsbArtifacts' is not required, skipping update.
[        ] Artifact Instance of 'IosUsbArtifacts' is not required, skipping update.
[        ] Artifact Instance of 'IosUsbArtifacts' is not required, skipping update.
[        ] Artifact Instance of 'IosUsbArtifacts' is not required, skipping update.
[        ] Artifact Instance of 'FontSubsetArtifacts' is not required, skipping update.
[        ] Artifact Instance of 'PubDependencies' is not required, skipping update.
[        ] executing: [C:\src\flutter/] git -c log.showSignature=false log HEAD -n 1 --pretty=format:%ad --date=iso
[ +124 ms] Exit code 0 from: git -c log.showSignature=false log HEAD -n 1 --pretty=format:%ad --date=iso
[        ] 2026-06-10 15:52:41 -0700
[  +12 ms] Artifact Instance of 'AndroidGenSnapshotArtifacts' is not required, skipping update.
[        ] Artifact Instance of 'AndroidInternalBuildArtifacts' is not required, skipping update.
[        ] Artifact Instance of 'IOSEngineArtifacts' is not required, skipping update.
[        ] Artifact Instance of 'FlutterWebSdk' is not required, skipping update.
[        ] Artifact Instance of 'FlutterEngineStamp' is not required, skipping update.
[        ] Artifact Instance of 'LegacyCanvasKitRemover' is not required, skipping update.
[   +2 ms] Artifact Instance of 'WindowsEngineArtifacts' is not required, skipping update.
[        ] Artifact Instance of 'MacOSEngineArtifacts' is not required, skipping update.
[        ] Artifact Instance of 'LinuxEngineArtifacts' is not required, skipping update.
[        ] Artifact Instance of 'LinuxFuchsiaSDKArtifacts' is not required, skipping update.
[        ] Artifact Instance of 'MacOSFuchsiaSDKArtifacts' is not required, skipping update.
[        ] Artifact Instance of 'FlutterRunnerSDKArtifacts' is not required, skipping update.
[        ] Artifact Instance of 'FlutterRunnerDebugSymbols' is not required, skipping update.
flutter : [  +64 ms] Flutter assets will be downloaded from https://storage.flutter-io.cn. Make sure you trust this sou
rce!
At line:1 char:154
+ ... on C:\src\xunni\android-app; flutter analyze --no-pub -v 2>&1 | Out-F ...
+                                  ~~~~~~~~~~~~~~~~~~~~~~~~~~~~~~~~
    + CategoryInfo          : NotSpecified: ([  +64 ms] Flut...st this source!:String) [], RemoteException
    + FullyQualifiedErrorId : NativeCommandError
 
[   +6 ms] Artifact Instance of 'MaterialFonts' is not required, skipping update.
[        ] Artifact Instance of 'GradleWrapper' is not required, skipping update.
[        ] Artifact Instance of 'AndroidGenSnapshotArtifacts' is not required, skipping update.
[        ] Artifact Instance of 'AndroidInternalBuildArtifacts' is not required, skipping update.
[        ] Artifact Instance of 'IOSEngineArtifacts' is not required, skipping update.
[        ] Artifact Instance of 'FlutterWebSdk' is not required, skipping update.
[        ] Artifact Instance of 'FlutterEngineStamp' is not required, skipping update.
[        ] Artifact Instance of 'LegacyCanvasKitRemover' is not required, skipping update.
[        ] Artifact Instance of 'FlutterSdk' is not required, skipping update.
[        ] Artifact Instance of 'WindowsEngineArtifacts' is not required, skipping update.
[        ] Artifact Instance of 'MacOSEngineArtifacts' is not required, skipping update.
[        ] Artifact Instance of 'LinuxEngineArtifacts' is not required, skipping update.
[        ] Artifact Instance of 'LinuxFuchsiaSDKArtifacts' is not required, skipping update.
[        ] Artifact Instance of 'MacOSFuchsiaSDKArtifacts' is not required, skipping update.
[        ] Artifact Instance of 'FlutterRunnerSDKArtifacts' is not required, skipping update.
[        ] Artifact Instance of 'FlutterRunnerDebugSymbols' is not required, skipping update.
[        ] Artifact Instance of 'IosUsbArtifacts' is not required, skipping update.
[        ] Artifact Instance of 'IosUsbArtifacts' is not required, skipping update.
[        ] Artifact Instance of 'IosUsbArtifacts' is not required, skipping update.
[        ] Artifact Instance of 'IosUsbArtifacts' is not required, skipping update.
[        ] Artifact Instance of 'IosUsbArtifacts' is not required, skipping update.
[        ] Artifact Instance of 'IosUsbArtifacts' is not required, skipping update.
[        ] Artifact Instance of 'FontSubsetArtifacts' is not required, skipping update.
[        ] Artifact Instance of 'PubDependencies' is not required, skipping update.
[ +933 ms] dart language-server --dart-sdk C:\src\flutter\bin\cache\dart-sdk --disable-server-feature-completion --disable-server-feature-search
[  +38 ms] ==> {"jsonrpc":"2.0","id":1,"method":"initialize","params":{"processId":5460,"rootUri":"file:///C:/src/xunni/android-app/","workspaceFolders":[{"name":"C:\\src\\xunni\\android-app","uri":"file:///C:/src/xunni/android-app/"}],"capabilities":{"window":{"workDoneProgress":true}}}}
[+1274 ms] <== {"id":1,"jsonrpc":"2.0","result":{"capabilities":{"callHierarchyProvider":true,"codeActionProvider":true,"codeLensProvider":{},"colorProvider":{"documentSelector":[{"language":"dart","scheme":"file"}]},"completionProvider":{"completionItem":{"labelDetailsSupport":true},"resolveProvider":true,"triggerCharacters":[".","=","(","$","\"","'","{","/",":"]},"definitionProvider":true,"documentFormattingProvider":true,"documentHighlightProvider":true,"documentLinkProvider":{"resolveProvider":false},"documentOnTypeFormattingProvider":{"firstTriggerCharacter":"}","moreTriggerCharacter":[";"]},"documentRangeFormattingProvider":true,"documentSymbolProvider":true,"executeCommandProvider":{"commands":["dart.edit.codeAction.apply","dart.edit.sortMembers","dart.edit.organizeImports","dart.edit.fixAll","dart.edit.fixAllInWorkspace.preview","dart.edit.fixAllInWorkspace","dart.edit.sendWorkspaceEdit","refactor.perform","refactor.validate","dart.logAction","dart.refactor.add_constructor_name","dart.refactor.convert_all_formal_parameters_to_named","dart.refactor.convert_selected_formal_parameters_to_named","dart.refactor.move_selected_formal_parameters_left","dart.refactor.move_top_level_to_file","dart.refactor.remove_constructor_name"],"workDoneProgress":true},"experimental":{"updateDiagnosticInformation":{},"textDocument":{"super":{},"augmented":{},"augmentation":{}}},"foldingRangeProvider":true,"hoverProvider":true,"implementationProvider":true,"inlayHintProvider":{"resolveProvider":false},"inlineValueProvider":true,"referencesProvider":true,"renameProvider":true,"selectionRangeProvider":true,"semanticTokensProvider":{"full":{"delta":false},"legend":{"tokenModifiers":["documentation","constructor","declaration","importPrefix","instance","static","escape","annotation","control","label","interpolation","void","wildcard"],"tokenTypes":["annotation","class","comment","method","variable","parameter","enum","enumMember","type","source","property","keyword","label","namespace","boolean","number","string","function","typeParameter"]},"range":true},"signatureHelpProvider":{"retriggerCharacters":[","],"triggerCharacters":["("]},"textDocumentSync":{"change":2,"openClose":true,"willSave":false,"willSaveWaitUntil":false},"typeDefinitionProvider":true,"typeHierarchyProvider":true,"workspace":{"fileOperations":{"willRename":{"filters":[{"pattern":{"glob":"**/*.dart","matches":"file"},"scheme":"file"},{"pattern":{"glob":"**/","matches":"folder"},"scheme":"file"}]}},"workspaceFolders":{"changeNotifications":true,"supported":true}},"workspaceSymbolProvider":true},"serverInfo":{"name":"Dart SDK LSP Analysis Server","version":"3.12.2"}}}
[   +2 ms] ==> {"jsonrpc":"2.0","method":"initialized","params":{}}
[        ] Analyzing android-app...
[+7388 ms] <== {"id":1,"jsonrpc":"2.0","method":"window/workDoneProgress/create","params":{"token":"ANALYZING"}}
[        ] ==> {"jsonrpc":"2.0","id":1,"result":null}
[  +15 ms] <== {"jsonrpc":"2.0","method":"$/progress","params":{"token":"ANALYZING","value":{"kind":"begin","title":"Analyzing…"}}}
[+3848 ms] <== {"jsonrpc":"2.0","method":"textDocument/publishDiagnostics","params":{"diagnostics":[{"code":"unnecessary_non_null_assertion","message":"The '!' will have no effect because the receiver can't be null.\nTry removing the '!' operator.","range":{"end":{"character":22,"line":986},"start":{"character":21,"line":986}},"severity":2,"source":"dart"}],"uri":"file:///C:/src/xunni/android-app/lib/data/app_repository.dart"}}
[   +2 ms] <== {"jsonrpc":"2.0","method":"textDocument/publishDiagnostics","params":{"diagnostics":[{"code":"deprecated_member_use","message":"'onReorder' is deprecated and shouldn't be used. Use the onReorderItem callback instead. The onReorderItem callback adjusts the newIndex parameter for a removed item at the oldIndex. This feature was deprecated after v3.41.0-0.0.pre.\nTry replacing the use of the deprecated member with the replacement.","range":{"end":{"character":31,"line":698},"start":{"character":22,"line":698}},"severity":3,"source":"dart"},{"code":"unused_element_parameter","message":"A value for optional parameter 'initial' isn't ever given.\nTry removing the unused parameter.","range":{"end":{"character":57,"line":993},"start":{"character":50,"line":993}},"severity":2,"source":"dart"},{"code":"library_private_types_in_public_api","message":"Invalid use of a private type in a public API.\nTry making the private type public, or making the API that uses the private type also be private.","range":{"end":{"character":24,"line":86},"start":{"character":6,"line":86}},"severity":3,"source":"dart"},{"code":"use_build_context_synchronously","message":"Don't use 'BuildContext's across async gaps.\nTry rewriting the code to not use the 'BuildContext', or guard the use with a 'mounted' check.","range":{"end":{"character":35,"line":78},"start":{"character":32,"line":78}},"severity":3,"source":"dart"}],"uri":"file:///C:/src/xunni/android-app/lib/main.dart"}}
[   +2 ms] <== {"jsonrpc":"2.0","method":"textDocument/publishDiagnostics","params":{"diagnostics":[{"code":"unnecessary_import","message":"The import of 'package:flutter/widgets.dart' is unnecessary because all of the used elements are also provided by the import of 'package:flutter/cupertino.dart'.\nTry removing the import directive.","range":{"end":{"character":37,"line":2},"start":{"character":7,"line":2}},"severity":3,"source":"dart"}],"uri":"file:///C:/src/xunni/android-app/lib/share_intake.dart"}}
[   +4 ms] <== {"jsonrpc":"2.0","method":"textDocument/publishDiagnostics","params":{"diagnostics":[{"code":"prefer_const_constructors","message":"Use 'const' with the constructor to improve performance.\nTry adding the 'const' keyword to the constructor invocation.","range":{"end":{"character":36,"line":83},"start":{"character":10,"line":83}},"severity":3,"source":"dart"},{"code":"prefer_const_constructors","message":"Use 'const' with the constructor to improve performance.\nTry adding the 'const' keyword to the constructor invocation.","range":{"end":{"character":36,"line":103},"start":{"character":10,"line":103}},"severity":3,"source":"dart"}],"uri":"file:///C:/src/xunni/android-app/lib/views/account/personal_center_view.dart"}}
[   +3 ms] <== {"jsonrpc":"2.0","method":"textDocument/publishDiagnostics","params":{"diagnostics":[{"code":"undefined_identifier","message":"Undefined name 'AppColors'.\nTry correcting the name to one that is defined, or defining the name.","range":{"end":{"character":27,"line":294},"start":{"character":18,"line":294}},"severity":1,"source":"dart"}],"uri":"file:///C:/src/xunni/android-app/lib/views/books/book_sheet.dart"}}
[   +6 ms] <== {"jsonrpc":"2.0","method":"textDocument/publishDiagnostics","params":{"diagnostics":[{"code":"unnecessary_non_null_assertion","message":"The '!' will have no effect because the receiver can't be null.\nTry removing the '!' operator.","range":{"end":{"character":62,"line":524},"start":{"character":61,"line":524}},"severity":2,"source":"dart"},{"code":"unused_element_parameter","message":"A value for optional parameter 'saved' isn't ever given.\nTry removing the unused parameter.","range":{"end":{"character":14,"line":979},"start":{"character":9,"line":979}},"severity":2,"source":"dart"},{"code":"unused_element_parameter","message":"A value for optional parameter 'savedIds' isn't ever given.\nTry removing the unused parameter.","range":{"end":{"character":17,"line":980},"start":{"character":9,"line":980}},"severity":2,"source":"dart"},{"code":"unused_element_parameter","message":"A value for optional parameter 'txnIds' isn't ever given.\nTry removing the unused parameter.","range":{"end":{"character":15,"line":981},"start":{"character":9,"line":981}},"severity":2,"source":"dart"},{"code":"unused_element_parameter","message":"A value for optional parameter 'savedFeedback' isn't ever given.\nTry removing the unused parameter.","range":{"end":{"character":22,"line":982},"start":{"character":9,"line":982}},"severity":2,"source":"dart"},{"code":"curly_braces_in_flow_control_structures","message":"Statements in an if should be enclosed in a block.\nTry wrapping the statement in a block.","range":{"end":{"character":32,"line":474},"start":{"character":23,"line":474}},"severity":3,"source":"dart"},{"code":"prefer_function_declarations_over_variables","message":"Use a function declaration rather than a variable assignment to bind a function to a name.\nTry rewriting the closure assignment as a function declaration.","range":{"end":{"character":55,"line":1426},"start":{"character":10,"line":1426}},"severity":3,"source":"dart"}],"uri":"file:///C:/src/xunni/android-app/lib/views/home/ai_chat_panel.dart"}}
[   +4 ms] <== {"jsonrpc":"2.0","method":"textDocument/publishDiagnostics","params":{"diagnostics":[{"code":"unused_element","message":"The declaration '_BudgetStrip' isn't referenced.\nTry removing the declaration of '_BudgetStrip'.","range":{"end":{"character":18,"line":972},"start":{"character":6,"line":972}},"severity":2,"source":"dart"},{"code":"prefer_const_constructors","message":"Use 'const' with the constructor to improve performance.\nTry adding the 'const' keyword to the constructor invocation.","range":{"end":{"character":7,"line":1419},"start":{"character":13,"line":1411}},"severity":3,"source":"dart"},{"code":"prefer_const_constructors","message":"Use 'const' with the constructor to improve performance.\nTry adding the 'const' keyword to the constructor invocation.","range":{"end":{"character":9,"line":1418},"start":{"character":15,"line":1413}},"severity":3,"source":"dart"}],"uri":"file:///C:/src/xunni/android-app/lib/views/home/home_view.dart"}}
[  +12 ms] <== {"jsonrpc":"2.0","method":"textDocument/publishDiagnostics","params":{"diagnostics":[{"code":"unused_local_variable","message":"The value of the local variable 'scheme' isn't used.\nTry removing the variable or using it.","range":{"end":{"character":16,"line":178},"start":{"character":10,"line":178}},"severity":2,"source":"dart"}],"uri":"file:///C:/src/xunni/android-app/lib/views/settings/accounts_view.dart"}}
[   +6 ms] <== {"jsonrpc":"2.0","method":"textDocument/publishDiagnostics","params":{"diagnostics":[{"code":"curly_braces_in_flow_control_structures","message":"Statements in an if should be enclosed in a block.\nTry wrapping the statement in a block.","range":{"end":{"character":7,"line":41},"start":{"character":17,"line":38}},"severity":3,"source":"dart"}],"uri":"file:///C:/src/xunni/android-app/lib/views/settings/auto_record_setting_view.dart"}}
[   +5 ms] <== {"jsonrpc":"2.0","method":"textDocument/publishDiagnostics","params":{"diagnostics":[{"code":"deprecated_member_use","message":"'value' is deprecated and shouldn't be used. Use initialValue instead. This will set the initial value for the form field. This feature was deprecated after v3.33.0-1.0.pre.\nTry replacing the use of the deprecated member with the replacement.","range":{"end":{"character":21,"line":281},"start":{"character":16,"line":281}},"severity":3,"source":"dart"},{"code":"deprecated_member_use","message":"'value' is deprecated and shouldn't be used. Use initialValue instead. This will set the initial value for the form field. This feature was deprecated after v3.33.0-1.0.pre.\nTry replacing the use of the deprecated member with the replacement.","range":{"end":{"character":21,"line":297},"start":{"character":16,"line":297}},"severity":3,"source":"dart"}],"uri":"file:///C:/src/xunni/android-app/lib/views/settings/recurring_view.dart"}}
[   +6 ms] <== {"jsonrpc":"2.0","method":"textDocument/publishDiagnostics","params":{"diagnostics":[{"code":"deprecated_member_use","message":"'onReorder' is deprecated and shouldn't be used. Use the onReorderItem callback instead. The onReorderItem callback adjusts the newIndex parameter for a removed item at the oldIndex. This feature was deprecated after v3.41.0-0.0.pre.\nTry replacing the use of the deprecated member with the replacement.","range":{"end":{"character":15,"line":432},"start":{"character":6,"line":432}},"severity":3,"source":"dart"}],"uri":"file:///C:/src/xunni/android-app/lib/views/statistics/statistics_view.dart"}}
[   +4 ms] <== {"jsonrpc":"2.0","method":"textDocument/publishDiagnostics","params":{"diagnostics":[{"code":"unused_import","message":"Unused import: '../common/app_sheet.dart'.\nTry removing the import directive.","range":{"end":{"character":33,"line":8},"start":{"character":7,"line":8}},"severity":2,"source":"dart"},{"code":"use_build_context_synchronously","message":"Don't use 'BuildContext's across async gaps.\nTry rewriting the code to not use the 'BuildContext', or guard the use with a 'mounted' check.","range":{"end":{"character":19,"line":156},"start":{"character":12,"line":156}},"severity":3,"source":"dart"}],"uri":"file:///C:/src/xunni/android-app/lib/views/transactions/edit_transaction_sheet.dart"}}
[ +258 ms] <== {"jsonrpc":"2.0","method":"textDocument/publishDiagnostics","params":{"diagnostics":[{"code":"prefer_const_constructors","message":"Use 'const' with the constructor to improve performance.\nTry adding the 'const' keyword to the constructor invocation.","range":{"end":{"character":7,"line":370},"start":{"character":13,"line":362}},"severity":3,"source":"dart"},{"code":"prefer_const_constructors","message":"Use 'const' with the constructor to improve performance.\nTry adding the 'const' keyword to the constructor invocation.","range":{"end":{"character":9,"line":369},"start":{"character":15,"line":364}},"severity":3,"source":"dart"}],"uri":"file:///C:/src/xunni/android-app/lib/views/transactions/transaction_list_view.dart"}}
[ +978 ms] <== {"jsonrpc":"2.0","method":"textDocument/publishDiagnostics","params":{"diagnostics":[{"code":"invalid_null_aware_operator","message":"The receiver can't be null, so the null-aware operator '?.' is unnecessary.\nTry replacing the operator '?.' with '.'.","range":{"end":{"character":46,"line":125},"start":{"character":44,"line":125}},"severity":2,"source":"dart"}],"uri":"file:///C:/src/xunni/android-app/test/statistics_engine_test.dart"}}
[        ] <== {"jsonrpc":"2.0","method":"$/progress","params":{"token":"ANALYZING","value":{"kind":"end"}}}
[   +9 ms] Analyzing android-app... (completed in 12.6s)
[   +2 ms] warning - The '!' will have no effect because the receiver can't be null. Try removing the '!' operator - lib\data\app_repository.dart:987:22 - unnecessary_non_null_assertion
[        ]    info - Don't use 'BuildContext's across async gaps. Try rewriting the code to not use the 'BuildContext', or guard the use with a 'mounted' check - lib\main.dart:79:33 - use_build_context_synchronously
[        ]    info - Invalid use of a private type in a public API. Try making the private type public, or making the API that uses the private type also be private - lib\main.dart:87:7 - library_private_types_in_public_api
[        ]    info - 'onReorder' is deprecated and shouldn't be used. Use the onReorderItem callback instead. The onReorderItem callback adjusts the newIndex parameter for a removed item at the oldIndex. This feature was deprecated after v3.41.0-0.0.pre. Try replacing the use of the deprecated member with the replacement - lib\main.dart:699:23 - deprecated_member_use
[        ] warning - A value for optional parameter 'initial' isn't ever given. Try removing the unused parameter - lib\main.dart:994:51 - unused_element_parameter
[        ]    info - The import of 'package:flutter/widgets.dart' is unnecessary because all of the used elements are also provided by the import of 'package:flutter/cupertino.dart'. Try removing the import directive - lib\share_intake.dart:3:8 - unnecessary_import
[        ]    info - Use 'const' with the constructor to improve performance. Try adding the 'const' keyword to the constructor invocation - lib\views\account\personal_center_view.dart:84:11 - prefer_const_constructors
[        ]    info - Use 'const' with the constructor to improve performance. Try adding the 'const' keyword to the constructor invocation - lib\views\account\personal_center_view.dart:104:11 - prefer_const_constructors
[        ]   error - Undefined name 'AppColors'. Try correcting the name to one that is defined, or defining the name - lib\views\books\book_sheet.dart:295:19 - undefined_identifier
[        ]    info - Statements in an if should be enclosed in a block. Try wrapping the statement in a block - lib\views\home\ai_chat_panel.dart:475:24 - curly_braces_in_flow_control_structures
[        ] warning - The '!' will have no effect because the receiver can't be null. Try removing the '!' operator - lib\views\home\ai_chat_panel.dart:525:62 - unnecessary_non_null_assertion
[        ] warning - A value for optional parameter 'saved' isn't ever given. Try removing the unused parameter - lib\views\home\ai_chat_panel.dart:980:10 - unused_element_parameter
[        ] warning - A value for optional parameter 'savedIds' isn't ever given. Try removing the unused parameter - lib\views\home\ai_chat_panel.dart:981:10 - unused_element_parameter
[        ] warning - A value for optional parameter 'txnIds' isn't ever given. Try removing the unused parameter - lib\views\home\ai_chat_panel.dart:982:10 - unused_element_parameter
[        ] warning - A value for optional parameter 'savedFeedback' isn't ever given. Try removing the unused parameter - lib\views\home\ai_chat_panel.dart:983:10 - unused_element_parameter
[        ]    info - Use a function declaration rather than a variable assignment to bind a function to a name. Try rewriting the closure assignment as a function declaration - lib\views\home\ai_chat_panel.dart:1427:11 - prefer_function_declarations_over_variables
[        ] warning - The declaration '_BudgetStrip' isn't referenced. Try removing the declaration of '_BudgetStrip' - lib\views\home\home_view.dart:973:7 - unused_element
[        ]    info - Use 'const' with the constructor to improve performance. Try adding the 'const' keyword to the constructor invocation - lib\views\home\home_view.dart:1412:14 - prefer_const_constructors
[        ]    info - Use 'const' with the constructor to improve performance. Try adding the 'const' keyword to the constructor invocation - lib\views\home\home_view.dart:1414:16 - prefer_const_constructors
[        ] warning - The value of the local variable 'scheme' isn't used. Try removing the variable or using it - lib\views\settings\accounts_view.dart:179:11 - unused_local_variable
[        ]    info - Statements in an if should be enclosed in a block. Try wrapping the statement in a block - lib\views\settings\auto_record_setting_view.dart:39:18 - curly_braces_in_flow_control_structures
[        ]    info - 'value' is deprecated and shouldn't be used. Use initialValue instead. This will set the initial value for the form field. This feature was deprecated after v3.33.0-1.0.pre. Try replacing the use of the deprecated member with the replacement - lib\views\settings\recurring_view.dart:282:17 - deprecated_member_use
[        ]    info - 'value' is deprecated and shouldn't be used. Use initialValue instead. This will set the initial value for the form field. This feature was deprecated after v3.33.0-1.0.pre. Try replacing the use of the deprecated member with the replacement - lib\views\settings\recurring_view.dart:298:17 - deprecated_member_use
[        ]    info - 'onReorder' is deprecated and shouldn't be used. Use the onReorderItem callback instead. The onReorderItem callback adjusts the newIndex parameter for a removed item at the oldIndex. This feature was deprecated after v3.41.0-0.0.pre. Try replacing the use of the deprecated member with the replacement - lib\views\statistics\statistics_view.dart:433:7 - deprecated_member_use
[        ] warning - Unused import: '../common/app_sheet.dart'. Try removing the import directive - lib\views\transactions\edit_transaction_sheet.dart:9:8 - unused_import
[        ]    info - Don't use 'BuildContext's across async gaps. Try rewriting the code to not use the 'BuildContext', or guard the use with a 'mounted' check - lib\views\transactions\edit_transaction_sheet.dart:157:13 - use_build_context_synchronously
[        ]    info - Use 'const' with the constructor to improve performance. Try adding the 'const' keyword to the constructor invocation - lib\views\transactions\transaction_list_view.dart:363:14 - prefer_const_constructors
[        ]    info - Use 'const' with the constructor to improve performance. Try adding the 'const' keyword to the constructor invocation - lib\views\transactions\transaction_list_view.dart:365:16 - prefer_const_constructors
[        ] warning - The receiver can't be null, so the null-aware operator '?.' is unnecessary. Try replacing the operator '?.' with '.' - test\statistics_engine_test.dart:126:45 - invalid_null_aware_operator
[   +1 ms] "flutter analyze" took 14,903ms.
[ +100 ms] 29 issues found. (ran in 12.6s)
[   +1 ms] 
           #0      throwToolExit (package:flutter_tools/src/base/common.dart:34:3)
           #1      AnalyzeOnce.analyze (package:flutter_tools/src/commands/analyze_once.dart:153:7)
           <asynchronous suspension>
           #2      AnalyzeCommand.runCommand (package:flutter_tools/src/commands/analyze.dart:381:7)
           <asynchronous suspension>
           #3      FlutterCommand.run.<anonymous closure> (package:flutter_tools/src/runner/flutter_command.dart:1630:2
7)
           <asynchronous suspension>
           #4      AppContext.run.<anonymous closure> (package:flutter_tools/src/base/context.dart:154:19)
           <asynchronous suspension>
           #5      CommandRunner.runCommand (package:args/command_runner.dart:212:13)
           <asynchronous suspension>
           #6      FlutterCommandRunner.runCommand.<anonymous closure> (package:flutter_tools/src/runner/flutter_comman
d_runner.dart:496:9)
           <asynchronous suspension>
           #7      AppContext.run.<anonymous closure> (package:flutter_tools/src/base/context.dart:154:19)
           <asynchronous suspension>
           #8      FlutterCommandRunner.runCommand (package:flutter_tools/src/runner/flutter_command_runner.dart:431:5)
           <asynchronous suspension>
           #9      FlutterCommandRunner.run.<anonymous closure> (package:flutter_tools/src/runner/flutter_command_runne
r.dart:307:33)
           <asynchronous suspension>
           #10     run.<anonymous closure>.<anonymous closure> (package:flutter_tools/runner.dart:104:11)
           <asynchronous suspension>
           #11     AppContext.run.<anonymous closure> (package:flutter_tools/src/base/context.dart:154:19)
           <asynchronous suspension>
           #12     main (package:flutter_tools/executable.dart:103:3)
           <asynchronous suspension>


[        ] Running 1 shutdown hook
[   +3 ms] Shutdown hooks complete
